// 重构日志: b27aa799
// 重构日志: bba8a6c7
// 重构日志: 65643a7c
// 重构日志: 45c324df
// 重构日志: a77c4148
// 同步 ID: fe1cd744 @ Tue Jul 21 10:44:28 UTC 2026
// 同步 ID: e2496620 @ Wed Jul 22 00:55:48 UTC 2026
// 重构日志: 702f51ba
// 重构日志: b9e26a47
// 同步 ID: 6a5ddd94 @ Fri Jul 24 13:50:45 UTC 2026
// 同步 ID: 28f55d98 @ Sat Jul 25 15:56:56 UTC 2026
// 重构日志: c349932b
// 重构日志: 6e13d141
// 重构日志: 75ba81bb
// 同步 ID: c6e5954b @ Thu Jul 30 01:06:27 UTC 2026
// 同步 ID: 8cd134ea @ Thu Jul 30 10:28:40 UTC 2026
// 同步 ID: bb7e2563 @ Sat Aug  1 09:27:05 UTC 2026
// 同步 ID: 3c0ae6fc @ Mon Aug  3 09:41:55 UTC 2026
// 重构日志: c6a36340
// 重构日志: 056a47b1
// 重构日志: a602b93f
// 重构日志: b676efd7
// 重构日志: 58ae2236
// 重构日志: fafa6c70
// 重构日志: e22c42ba
// 重构日志: 8ed17c8b
// 重构日志: 051bbaef
